// Jest Snapshot v1, https://goo.gl/fbAQLP

exports[`Login screen renders Login correctly 1`] = `
<RNCSafeAreaView
  edges={
    Array [
      "bottom",
      "left",
      "right",
      "top",
    ]
  }
  style={
    Array [
      Object {
        "flex": 1,
      },
      Object {
        "backgroundColor": "#008DF6",
      },
      undefined,
    ]
  }
>
  <View
    style={
      Object {
        "alignItems": "center",
        "flex": 0.35,
        "justifyContent": "center",
      }
    }
  >
    <Text
      style={
        Object {
          "color": "#FFFFFF",
          "fontFamily": "Arial",
          "fontSize": 28,
        }
      }
    />
    <Text
      style={
        Object {
          "color": "#FFFFFF",
          "fontFamily": "Arial",
          "fontSize": 16,
        }
      }
    />
  </View>
  <View
    style={
      Object {
        "flex": 0.65,
        "paddingHorizontal": 20,
      }
    }
  >
    <View
      style={
        Array [
          undefined,
          Object {
            "marginHorizontal": 0,
            "marginTop": 0,
          },
        ]
      }
    >
      <Text
        style={
          Array [
            Object {
              "color": "#F5F5F5",
              "fontFamily": "Arial",
              "fontSize": 12,
            },
            undefined,
          ]
        }
      />
      <TextInput
        autoCapitalize="none"
        autoCorrect={false}
        blurOnSubmit={false}
        keyboardType="email-address"
        onChangeText={[Function]}
        onSubmitEditing={[Function]}
        returnKeyType="next"
        style={
          Array [
            Object {
              "borderBottomWidth": 0.5,
              "borderColor": "#BBBBBB",
              "color": "#FFFFFF",
              "fontFamily": "Arial",
              "fontSize": 14,
              "paddingHorizontal": 5,
            },
            Object {
              "height": 40,
            },
            undefined,
          ]
        }
        underlineColorAndroid="transparent"
        value=""
      />
    </View>
    <View
      style={
        Array [
          undefined,
          Object {
            "marginHorizontal": 0,
            "marginTop": 20,
          },
        ]
      }
    >
      <Text
        style={
          Array [
            Object {
              "color": "#F5F5F5",
              "fontFamily": "Arial",
              "fontSize": 12,
            },
            undefined,
          ]
        }
      />
      <TextInput
        blurOnSubmit={true}
        containerMarginTop={20}
        onChangeText={[Function]}
        secureTextEntry={true}
        style={
          Array [
            Object {
              "borderBottomWidth": 0.5,
              "borderColor": "#BBBBBB",
              "color": "#FFFFFF",
              "fontFamily": "Arial",
              "fontSize": 14,
              "paddingHorizontal": 5,
            },
            Object {
              "height": 40,
            },
            undefined,
          ]
        }
        underlineColorAndroid="transparent"
        value=""
      />
    </View>
    <Text
      onPress={[Function]}
      style={
        Object {
          "alignSelf": "flex-end",
          "color": "#FFFFFF",
          "fontFamily": "Arial",
          "fontSize": 14,
          "marginTop": 5,
          "paddingVertical": 10,
        }
      }
    />
    <View
      accessible={true}
      collapsable={false}
      focusable={true}
      onBlur={[Function]}
      onClick={[Function]}
      onFocus={[Function]}
      onResponderGrant={[Function]}
      onResponderMove={[Function]}
      onResponderRelease={[Function]}
      onResponderTerminate={[Function]}
      onResponderTerminationRequest={[Function]}
      onStartShouldSetResponder={[Function]}
      style={
        Array [
          Object {
            "alignItems": "center",
            "borderRadius": 2,
            "justifyContent": "center",
          },
          Object {
            "backgroundColor": "#FFFFFF",
            "borderColor": "#FFFFFF",
            "borderRadius": 2,
            "borderWidth": undefined,
            "height": 45,
            "marginBottom": 0,
            "marginHorizontal": 0,
            "marginTop": 20,
          },
          undefined,
        ]
      }
    >
      <Text
        style={
          Array [
            Object {
              "fontFamily": "Arial",
              "fontSize": 18,
              "textAlign": "center",
            },
            Object {
              "color": "#008DF6",
            },
          ]
        }
      />
    </View>
    <View
      style={
        Object {
          "flexDirection": "row",
          "justifyContent": "center",
          "paddingVertical": 15,
        }
      }
    >
      <Text
        style={
          Object {
            "color": "#FFFFFF",
            "fontFamily": "Arial",
            "fontSize": 14,
          }
        }
      />
      <Text
        onPress={[Function]}
        style={
          Object {
            "color": "#FFFFFF",
            "fontFamily": "Arial",
            "fontSize": 14,
            "marginLeft": 5,
            "textDecorationLine": "underline",
          }
        }
      />
    </View>
  </View>
</RNCSafeAreaView>
`;
